Flow report for I2C
Fri Oct 31 19:38:26 2025
Quartus II 64-Bit Version 13.0.1 Build 232 06/12/2013 Service Pack 1 SJ Web Edition


---------------------
; Table of Contents ;
---------------------
  1. Legal Notice
  2. Flow Summary
  3. Flow Settings
  4. Flow Non-Default Global Settings
  5. Flow Elapsed Time
  6. Flow OS Summary
  7. Flow Log
  8. Flow Messages
  9. Flow Suppressed Messages



----------------
; Legal Notice ;
----------------
Copyright (C) 1991-2013 Altera Corporation
Your use of Altera Corporation's design tools, logic functions 
and other software and tools, and its AMPP partner logic 
functions, and any output files from any of the foregoing 
(including device programming or simulation files), and any 
associated documentation or information are expressly subject 
to the terms and conditions of the Altera Program License 
Subscription Agreement, Altera MegaCore Function License 
Agreement, or other applicable license agreement, including, 
without limitation, that your use is for the sole purpose of 
programming logic devices manufactured by Altera and sold by 
Altera or its authorized distributors.  Please refer to the 
applicable agreement for further details.



+--------------------------------------------------------------------------------------+
; Flow Summary                                                                         ;
+------------------------------------+-------------------------------------------------+
; Flow Status                        ; Successful - Fri Oct 31 19:38:26 2025           ;
; Quartus II 64-Bit Version          ; 13.0.1 Build 232 06/12/2013 SP 1 SJ Web Edition ;
; Revision Name                      ; I2C                                             ;
; Top-level Entity Name              ; i2c_comp                                        ;
; Family                             ; Cyclone III                                     ;
; Device                             ; EP3C120F780C7                                   ;
; Timing Models                      ; Final                                           ;
; Total logic elements               ; 43 / 119,088 ( < 1 % )                          ;
;     Total combinational functions  ; 29 / 119,088 ( < 1 % )                          ;
;     Dedicated logic registers      ; 29 / 119,088 ( < 1 % )                          ;
; Total registers                    ; 29                                              ;
; Total pins                         ; 39 / 532 ( 7 % )                                ;
; Total virtual pins                 ; 0                                               ;
; Total memory bits                  ; 0 / 3,981,312 ( 0 % )                           ;
; Embedded Multiplier 9-bit elements ; 0 / 576 ( 0 % )                                 ;
; Total PLLs                         ; 0 / 4 ( 0 % )                                   ;
+------------------------------------+-------------------------------------------------+


+-----------------------------------------+
; Flow Settings                           ;
+-------------------+---------------------+
; Option            ; Setting             ;
+-------------------+---------------------+
; Start date & time ; 10/31/2025 19:08:18 ;
; Main task         ; Compilation         ;
; Revision Name     ; I2C                 ;
+-------------------+---------------------+


+----------------------------------------------------------------------------------------------------------------------------+
; Flow Non-Default Global Settings                                                                                           ;
+-------------------------------------+---------------------------------------+---------------+-------------+----------------+
; Assignment Name                     ; Value                                 ; Default Value ; Entity Name ; Section Id     ;
+-------------------------------------+---------------------------------------+---------------+-------------+----------------+
; COMPILER_SIGNATURE_ID               ; 53642730898432.176194849803908        ; --            ; --          ; --             ;
; EDA_GENERATE_FUNCTIONAL_NETLIST     ; Off                                   ; --            ; --          ; eda_simulation ;
; EDA_OUTPUT_DATA_FORMAT              ; Verilog Hdl                           ; --            ; --          ; eda_simulation ;
; EDA_SIMULATION_TOOL                 ; ModelSim-Altera (Verilog)             ; <None>        ; --          ; --             ;
; EDA_TIME_SCALE                      ; 1 ps                                  ; --            ; --          ; eda_simulation ;
; MAX_CORE_JUNCTION_TEMP              ; 85                                    ; --            ; --          ; --             ;
; MIN_CORE_JUNCTION_TEMP              ; 0                                     ; --            ; --          ; --             ;
; NOMINAL_CORE_SUPPLY_VOLTAGE         ; 1.2V                                  ; --            ; --          ; --             ;
; PARTITION_COLOR                     ; 16764057                              ; --            ; i2c_comp    ; Top            ;
; PARTITION_FITTER_PRESERVATION_LEVEL ; PLACEMENT_AND_ROUTING                 ; --            ; i2c_comp    ; Top            ;
; PARTITION_NETLIST_TYPE              ; SOURCE                                ; --            ; i2c_comp    ; Top            ;
; POWER_BOARD_THERMAL_MODEL           ; None (CONSERVATIVE)                   ; --            ; --          ; --             ;
; POWER_PRESET_COOLING_SOLUTION       ; 23 MM HEAT SINK WITH 200 LFPM AIRFLOW ; --            ; --          ; --             ;
; PROJECT_OUTPUT_DIRECTORY            ; output_files                          ; --            ; --          ; --             ;
; TOP_LEVEL_ENTITY                    ; i2c_comp                              ; I2C           ; --          ; --             ;
+-------------------------------------+---------------------------------------+---------------+-------------+----------------+


+-------------------------------------------------------------------------------------------------------------------------------+
; Flow Elapsed Time                                                                                                             ;
+---------------------------+--------------+-------------------------+---------------------+------------------------------------+
; Module Name               ; Elapsed Time ; Average Processors Used ; Peak Virtual Memory ; Total CPU Time (on all processors) ;
+---------------------------+--------------+-------------------------+---------------------+------------------------------------+
; Analysis & Synthesis      ; 00:00:03     ; 1.0                     ; 4621 MB             ; 00:00:03                           ;
; Fitter                    ; 00:00:29     ; 1.0                     ; 5012 MB             ; 00:00:28                           ;
; Assembler                 ; 00:00:07     ; 1.0                     ; 4545 MB             ; 00:00:07                           ;
; TimeQuest Timing Analyzer ; 00:00:05     ; 1.0                     ; 4635 MB             ; 00:00:04                           ;
; EDA Netlist Writer        ; 00:00:01     ; 1.0                     ; 4509 MB             ; 00:00:01                           ;
; EDA Netlist Writer        ; 00:00:00     ; 1.0                     ; 4518 MB             ; 00:00:01                           ;
; EDA Netlist Writer        ; 00:00:01     ; 1.0                     ; 4518 MB             ; 00:00:01                           ;
; EDA Netlist Writer        ; 00:00:01     ; 1.0                     ; 4518 MB             ; 00:00:01                           ;
; EDA Netlist Writer        ; 00:00:00     ; 1.0                     ; 4518 MB             ; 00:00:01                           ;
; EDA Netlist Writer        ; 00:00:01     ; 1.0                     ; 4518 MB             ; 00:00:01                           ;
; EDA Netlist Writer        ; 00:00:01     ; 1.0                     ; 4518 MB             ; 00:00:01                           ;
; EDA Netlist Writer        ; 00:00:01     ; 1.0                     ; 4518 MB             ; 00:00:01                           ;
; Total                     ; 00:00:50     ; --                      ; --                  ; 00:00:50                           ;
+---------------------------+--------------+-------------------------+---------------------+------------------------------------+


+---------------------------------------------------------------------------------------------+
; Flow OS Summary                                                                             ;
+---------------------------+-----------------------+-----------+------------+----------------+
; Module Name               ; Machine Hostname      ; OS Name   ; OS Version ; Processor type ;
+---------------------------+-----------------------+-----------+------------+----------------+
; Analysis & Synthesis      ; Il-pixelator-maestoso ; Windows 7 ; 6.2        ; x86_64         ;
; Fitter                    ; Il-pixelator-maestoso ; Windows 7 ; 6.2        ; x86_64         ;
; Assembler                 ; Il-pixelator-maestoso ; Windows 7 ; 6.2        ; x86_64         ;
; TimeQuest Timing Analyzer ; Il-pixelator-maestoso ; Windows 7 ; 6.2        ; x86_64         ;
; EDA Netlist Writer        ; Il-pixelator-maestoso ; Windows 7 ; 6.2        ; x86_64         ;
; EDA Netlist Writer        ; Il-pixelator-maestoso ; Windows 7 ; 6.2        ; x86_64         ;
; EDA Netlist Writer        ; Il-pixelator-maestoso ; Windows 7 ; 6.2        ; x86_64         ;
; EDA Netlist Writer        ; Il-pixelator-maestoso ; Windows 7 ; 6.2        ; x86_64         ;
; EDA Netlist Writer        ; Il-pixelator-maestoso ; Windows 7 ; 6.2        ; x86_64         ;
; EDA Netlist Writer        ; Il-pixelator-maestoso ; Windows 7 ; 6.2        ; x86_64         ;
; EDA Netlist Writer        ; Il-pixelator-maestoso ; Windows 7 ; 6.2        ; x86_64         ;
; EDA Netlist Writer        ; Il-pixelator-maestoso ; Windows 7 ; 6.2        ; x86_64         ;
+---------------------------+-----------------------+-----------+------------+----------------+


------------
; Flow Log ;
------------
quartus_map --read_settings_files=on --write_settings_files=off I2C -c I2C
quartus_fit --read_settings_files=off --write_settings_files=off I2C -c I2C
quartus_asm --read_settings_files=off --write_settings_files=off I2C -c I2C
quartus_sta I2C -c I2C
quartus_eda --read_settings_files=off --write_settings_files=off I2C -c I2C
quartus_eda --gen_testbench --check_outputs=on --tool=modelsim_oem --format=verilog I2C -c I2C --vector_source="C:/Users/iniak/Documents/facu/TYDD2/laboratorios/lab1/Parte F/Waveform.vwf" --testbench_file=./simulation/qsim/I2C.vt
quartus_eda --functional=off --timescale=1ps --simulation=on --tool=modelsim_oem --format=verilog I2C -c I2C
quartus_eda --gen_testbench --check_outputs=on --tool=modelsim_oem --format=verilog I2C -c I2C --vector_source="C:/Users/iniak/Documents/facu/TYDD2/laboratorios/lab1/Parte F/Waveform.vwf" --testbench_file="C:/Users/iniak/Documents/facu/TYDD2/laboratorios/lab1/Parte F/simulation/modelsim/Waveform.vwf.vt"
quartus_eda --gen_testbench --check_outputs=on --tool=modelsim_oem --format=verilog I2C -c I2C --vector_source="C:/Users/iniak/Documents/facu/TYDD2/laboratorios/lab1/Parte F/Waveform.vwf" --testbench_file=./simulation/qsim/I2C.vt
quartus_eda --functional=off --timescale=1ps --simulation=on --tool=modelsim_oem --format=verilog I2C -c I2C
quartus_eda --gen_testbench --check_outputs=on --tool=modelsim_oem --format=verilog I2C -c I2C --vector_source="C:/Users/iniak/Documents/facu/TYDD2/laboratorios/lab1/Parte F/Waveform.vwf" --testbench_file=./simulation/qsim/I2C.vt
quartus_eda --functional=off --timescale=1ps --simulation=on --tool=modelsim_oem --format=verilog I2C -c I2C



