Flow report for multi_2b_cs
Thu Oct 30 14:42:02 2025
Quartus II 64-Bit Version 13.0.1 Build 232 06/12/2013 Service Pack 1 SJ Web Edition


---------------------
; Table of Contents ;
---------------------
  1. Legal Notice
  2. Flow Summary
  3. Flow Settings
  4. Flow Non-Default Global Settings
  5. Flow Elapsed Time
  6. Flow OS Summary
  7. Flow Log
  8. Flow Messages
  9. Flow Suppressed Messages



----------------
; Legal Notice ;
----------------
Copyright (C) 1991-2013 Altera Corporation
Your use of Altera Corporation's design tools, logic functions 
and other software and tools, and its AMPP partner logic 
functions, and any output files from any of the foregoing 
(including device programming or simulation files), and any 
associated documentation or information are expressly subject 
to the terms and conditions of the Altera Program License 
Subscription Agreement, Altera MegaCore Function License 
Agreement, or other applicable license agreement, including, 
without limitation, that your use is for the sole purpose of 
programming logic devices manufactured by Altera and sold by 
Altera or its authorized distributors.  Please refer to the 
applicable agreement for further details.



+--------------------------------------------------------------------------------------+
; Flow Summary                                                                         ;
+------------------------------------+-------------------------------------------------+
; Flow Status                        ; Successful - Thu Oct 30 14:42:02 2025           ;
; Quartus II 64-Bit Version          ; 13.0.1 Build 232 06/12/2013 SP 1 SJ Web Edition ;
; Revision Name                      ; multi_2b_cs                                     ;
; Top-level Entity Name              ; multi_2b_cs                                     ;
; Family                             ; Cyclone III                                     ;
; Device                             ; EP3C120F780C7                                   ;
; Timing Models                      ; Final                                           ;
; Total logic elements               ; 8 / 119,088 ( < 1 % )                           ;
;     Total combinational functions  ; 4 / 119,088 ( < 1 % )                           ;
;     Dedicated logic registers      ; 8 / 119,088 ( < 1 % )                           ;
; Total registers                    ; 8                                               ;
; Total pins                         ; 11 / 532 ( 2 % )                                ;
; Total virtual pins                 ; 0                                               ;
; Total memory bits                  ; 0 / 3,981,312 ( 0 % )                           ;
; Embedded Multiplier 9-bit elements ; 0 / 576 ( 0 % )                                 ;
; Total PLLs                         ; 0 / 4 ( 0 % )                                   ;
+------------------------------------+-------------------------------------------------+


+-----------------------------------------+
; Flow Settings                           ;
+-------------------+---------------------+
; Option            ; Setting             ;
+-------------------+---------------------+
; Start date & time ; 10/28/2025 19:34:57 ;
; Main task         ; Compilation         ;
; Revision Name     ; multi_2b_cs         ;
+-------------------+---------------------+


+-----------------------------------------------------------------------------------------------------------------------------+
; Flow Non-Default Global Settings                                                                                            ;
+--------------------------------------+---------------------------------------+---------------+-------------+----------------+
; Assignment Name                      ; Value                                 ; Default Value ; Entity Name ; Section Id     ;
+--------------------------------------+---------------------------------------+---------------+-------------+----------------+
; COMPILER_SIGNATURE_ID                ; 53642730898432.176169089702476        ; --            ; --          ; --             ;
; EDA_DESIGN_INSTANCE_NAME             ; uut                                   ; --            ; --          ; tb_multi_2b_cs ;
; EDA_GENERATE_FUNCTIONAL_NETLIST      ; On                                    ; --            ; --          ; eda_simulation ;
; EDA_NATIVELINK_SIMULATION_TEST_BENCH ; tb_multi_2b_cs                        ; --            ; --          ; eda_simulation ;
; EDA_OUTPUT_DATA_FORMAT               ; Verilog Hdl                           ; --            ; --          ; eda_simulation ;
; EDA_SIMULATION_TOOL                  ; ModelSim-Altera (Verilog)             ; <None>        ; --          ; --             ;
; EDA_TEST_BENCH_ENABLE_STATUS         ; TEST_BENCH_MODE                       ; --            ; --          ; eda_simulation ;
; EDA_TEST_BENCH_FILE                  ; tb_multi_2b_cs.vhd                    ; --            ; --          ; tb_multi_2b_cs ;
; EDA_TEST_BENCH_MODULE_NAME           ; tb_multi_2b_cs                        ; --            ; --          ; tb_multi_2b_cs ;
; EDA_TEST_BENCH_NAME                  ; tb_multi_2b_cs                        ; --            ; --          ; eda_simulation ;
; EDA_TEST_BENCH_RUN_SIM_FOR           ; 500 ns                                ; --            ; --          ; tb_multi_2b_cs ;
; EDA_TIME_SCALE                       ; 1 ps                                  ; --            ; --          ; eda_simulation ;
; MAX_CORE_JUNCTION_TEMP               ; 85                                    ; --            ; --          ; --             ;
; MIN_CORE_JUNCTION_TEMP               ; 0                                     ; --            ; --          ; --             ;
; NOMINAL_CORE_SUPPLY_VOLTAGE          ; 1.2V                                  ; --            ; --          ; --             ;
; PARTITION_COLOR                      ; 16764057                              ; --            ; --          ; Top            ;
; PARTITION_FITTER_PRESERVATION_LEVEL  ; PLACEMENT_AND_ROUTING                 ; --            ; --          ; Top            ;
; PARTITION_NETLIST_TYPE               ; SOURCE                                ; --            ; --          ; Top            ;
; POWER_BOARD_THERMAL_MODEL            ; None (CONSERVATIVE)                   ; --            ; --          ; --             ;
; POWER_PRESET_COOLING_SOLUTION        ; 23 MM HEAT SINK WITH 200 LFPM AIRFLOW ; --            ; --          ; --             ;
; PROJECT_OUTPUT_DIRECTORY             ; output_files                          ; --            ; --          ; --             ;
+--------------------------------------+---------------------------------------+---------------+-------------+----------------+


+-------------------------------------------------------------------------------------------------------------------------------+
; Flow Elapsed Time                                                                                                             ;
+---------------------------+--------------+-------------------------+---------------------+------------------------------------+
; Module Name               ; Elapsed Time ; Average Processors Used ; Peak Virtual Memory ; Total CPU Time (on all processors) ;
+---------------------------+--------------+-------------------------+---------------------+------------------------------------+
; Analysis & Synthesis      ; 00:00:06     ; 1.0                     ; 4622 MB             ; 00:00:03                           ;
; Fitter                    ; 00:00:32     ; 1.0                     ; 5011 MB             ; 00:00:25                           ;
; Assembler                 ; 00:00:07     ; 1.0                     ; 4545 MB             ; 00:00:06                           ;
; TimeQuest Timing Analyzer ; 00:00:05     ; 1.0                     ; 4630 MB             ; 00:00:03                           ;
; EDA Netlist Writer        ; 00:00:01     ; 1.0                     ; 4498 MB             ; 00:00:01                           ;
; EDA Netlist Writer        ; 00:00:01     ; 1.0                     ; 4506 MB             ; 00:00:01                           ;
; EDA Netlist Writer        ; 00:00:01     ; 1.0                     ; 4522 MB             ; 00:00:01                           ;
; Total                     ; 00:00:53     ; --                      ; --                  ; 00:00:40                           ;
+---------------------------+--------------+-------------------------+---------------------+------------------------------------+


+---------------------------------------------------------------------------------------------+
; Flow OS Summary                                                                             ;
+---------------------------+-----------------------+-----------+------------+----------------+
; Module Name               ; Machine Hostname      ; OS Name   ; OS Version ; Processor type ;
+---------------------------+-----------------------+-----------+------------+----------------+
; Analysis & Synthesis      ; Il-pixelator-maestoso ; Windows 7 ; 6.2        ; x86_64         ;
; Fitter                    ; Il-pixelator-maestoso ; Windows 7 ; 6.2        ; x86_64         ;
; Assembler                 ; Il-pixelator-maestoso ; Windows 7 ; 6.2        ; x86_64         ;
; TimeQuest Timing Analyzer ; Il-pixelator-maestoso ; Windows 7 ; 6.2        ; x86_64         ;
; EDA Netlist Writer        ; Il-pixelator-maestoso ; Windows 7 ; 6.2        ; x86_64         ;
; EDA Netlist Writer        ; Il-pixelator-maestoso ; Windows 7 ; 6.2        ; x86_64         ;
; EDA Netlist Writer        ; Il-pixelator-maestoso ; Windows 7 ; 6.2        ; x86_64         ;
+---------------------------+-----------------------+-----------+------------+----------------+


------------
; Flow Log ;
------------
quartus_map --read_settings_files=on --write_settings_files=off multi_2b_cs -c multi_2b_cs
quartus_fit --read_settings_files=off --write_settings_files=off multi_2b_cs -c multi_2b_cs
quartus_asm --read_settings_files=off --write_settings_files=off multi_2b_cs -c multi_2b_cs
quartus_sta multi_2b_cs -c multi_2b_cs
quartus_eda --read_settings_files=off --write_settings_files=off multi_2b_cs -c multi_2b_cs
quartus_eda --gen_testbench --check_outputs=on --tool=modelsim_oem --format=verilog multi_2b_cs -c multi_2b_cs --vector_source="C:/Users/iniak/Documents/facu/TYDD2/laboratorios/lab1/Parte C/Waveform.vwf" --testbench_file=./simulation/qsim/multi_2b_cs.vt
quartus_eda --functional=on --simulation=on --tool=modelsim_oem --format=verilog multi_2b_cs -c multi_2b_cs



